  Determining projects to restore...
  All projects are up-to-date for restore.
C:\Program Files\dotnet\sdk\10.0.104\Microsoft.Common.CurrentVersion.targets(5381,5): warning MSB3026: Could not copy "E:\ResumeATS\backend\obj\Debug\net10.0\apphost.exe" to "bin\Debug\net10.0\ResumeATS.exe". Beginning retry 1 in 1000ms. The process cannot access the file 'E:\ResumeATS\backend\bin\Debug\net10.0\ResumeATS.exe' because it is being used by another process. The file is locked by: "ResumeATS (18140)" [E:\ResumeATS\backend\ResumeATS.csproj]
C:\Program Files\dotnet\sdk\10.0.104\Microsoft.Common.CurrentVersion.targets(5381,5): warning MSB3026: Could not copy "E:\ResumeATS\backend\obj\Debug\net10.0\apphost.exe" to "bin\Debug\net10.0\ResumeATS.exe". Beginning retry 2 in 1000ms. The process cannot access the file 'E:\ResumeATS\backend\bin\Debug\net10.0\ResumeATS.exe' because it is being used by another process. The file is locked by: "ResumeATS (18140)" [E:\ResumeATS\backend\ResumeATS.csproj]
C:\Program Files\dotnet\sdk\10.0.104\Microsoft.Common.CurrentVersion.targets(5381,5): warning MSB3026: Could not copy "E:\ResumeATS\backend\obj\Debug\net10.0\apphost.exe" to "bin\Debug\net10.0\ResumeATS.exe". Beginning retry 3 in 1000ms. The process cannot access the file 'E:\ResumeATS\backend\bin\Debug\net10.0\ResumeATS.exe' because it is being used by another process. The file is locked by: "ResumeATS (18140)" [E:\ResumeATS\backend\ResumeATS.csproj]
C:\Program Files\dotnet\sdk\10.0.104\Microsoft.Common.CurrentVersion.targets(5381,5): warning MSB3026: Could not copy "E:\ResumeATS\backend\obj\Debug\net10.0\apphost.exe" to "bin\Debug\net10.0\ResumeATS.exe". Beginning retry 4 in 1000ms. The process cannot access the file 'E:\ResumeATS\backend\bin\Debug\net10.0\ResumeATS.exe' because it is being used by another process. The file is locked by: "ResumeATS (18140)" [E:\ResumeATS\backend\ResumeATS.csproj]
C:\Program Files\dotnet\sdk\10.0.104\Microsoft.Common.CurrentVersion.targets(5381,5): warning MSB3026: Could not copy "E:\ResumeATS\backend\obj\Debug\net10.0\apphost.exe" to "bin\Debug\net10.0\ResumeATS.exe". Beginning retry 5 in 1000ms. The process cannot access the file 'E:\ResumeATS\backend\bin\Debug\net10.0\ResumeATS.exe' because it is being used by another process. The file is locked by: "ResumeATS (18140)" [E:\ResumeATS\backend\ResumeATS.csproj]
C:\Program Files\dotnet\sdk\10.0.104\Microsoft.Common.CurrentVersion.targets(5381,5): warning MSB3026: Could not copy "E:\ResumeATS\backend\obj\Debug\net10.0\apphost.exe" to "bin\Debug\net10.0\ResumeATS.exe". Beginning retry 6 in 1000ms. The process cannot access the file 'E:\ResumeATS\backend\bin\Debug\net10.0\ResumeATS.exe' because it is being used by another process. The file is locked by: "ResumeATS (18140)" [E:\ResumeATS\backend\ResumeATS.csproj]
C:\Program Files\dotnet\sdk\10.0.104\Microsoft.Common.CurrentVersion.targets(5381,5): warning MSB3026: Could not copy "E:\ResumeATS\backend\obj\Debug\net10.0\apphost.exe" to "bin\Debug\net10.0\ResumeATS.exe". Beginning retry 7 in 1000ms. The process cannot access the file 'E:\ResumeATS\backend\bin\Debug\net10.0\ResumeATS.exe' because it is being used by another process. The file is locked by: "ResumeATS (18140)" [E:\ResumeATS\backend\ResumeATS.csproj]
C:\Program Files\dotnet\sdk\10.0.104\Microsoft.Common.CurrentVersion.targets(5381,5): warning MSB3026: Could not copy "E:\ResumeATS\backend\obj\Debug\net10.0\apphost.exe" to "bin\Debug\net10.0\ResumeATS.exe". Beginning retry 8 in 1000ms. The process cannot access the file 'E:\ResumeATS\backend\bin\Debug\net10.0\ResumeATS.exe' because it is being used by another process. The file is locked by: "ResumeATS (18140)" [E:\ResumeATS\backend\ResumeATS.csproj]
C:\Program Files\dotnet\sdk\10.0.104\Microsoft.Common.CurrentVersion.targets(5381,5): warning MSB3026: Could not copy "E:\ResumeATS\backend\obj\Debug\net10.0\apphost.exe" to "bin\Debug\net10.0\ResumeATS.exe". Beginning retry 9 in 1000ms. The process cannot access the file 'E:\ResumeATS\backend\bin\Debug\net10.0\ResumeATS.exe' because it is being used by another process. The file is locked by: "ResumeATS (18140)" [E:\ResumeATS\backend\ResumeATS.csproj]
C:\Program Files\dotnet\sdk\10.0.104\Microsoft.Common.CurrentVersion.targets(5381,5): warning MSB3026: Could not copy "E:\ResumeATS\backend\obj\Debug\net10.0\apphost.exe" to "bin\Debug\net10.0\ResumeATS.exe". Beginning retry 10 in 1000ms. The process cannot access the file 'E:\ResumeATS\backend\bin\Debug\net10.0\ResumeATS.exe' because it is being used by another process. The file is locked by: "ResumeATS (18140)" [E:\ResumeATS\backend\ResumeATS.csproj]
C:\Program Files\dotnet\sdk\10.0.104\Microsoft.Common.CurrentVersion.targets(5381,5): error MSB3027: Could not copy "E:\ResumeATS\backend\obj\Debug\net10.0\apphost.exe" to "bin\Debug\net10.0\ResumeATS.exe". Exceeded retry count of 10. Failed. The file is locked by: "ResumeATS (18140)" [E:\ResumeATS\backend\ResumeATS.csproj]
C:\Program Files\dotnet\sdk\10.0.104\Microsoft.Common.CurrentVersion.targets(5381,5): error MSB3021: Unable to copy file "E:\ResumeATS\backend\obj\Debug\net10.0\apphost.exe" to "bin\Debug\net10.0\ResumeATS.exe". The process cannot access the file 'E:\ResumeATS\backend\bin\Debug\net10.0\ResumeATS.exe' because it is being used by another process. [E:\ResumeATS\backend\ResumeATS.csproj]

Build FAILED.

C:\Program Files\dotnet\sdk\10.0.104\Microsoft.Common.CurrentVersion.targets(5381,5): warning MSB3026: Could not copy "E:\ResumeATS\backend\obj\Debug\net10.0\apphost.exe" to "bin\Debug\net10.0\ResumeATS.exe". Beginning retry 1 in 1000ms. The process cannot access the file 'E:\ResumeATS\backend\bin\Debug\net10.0\ResumeATS.exe' because it is being used by another process. The file is locked by: "ResumeATS (18140)" [E:\ResumeATS\backend\ResumeATS.csproj]
C:\Program Files\dotnet\sdk\10.0.104\Microsoft.Common.CurrentVersion.targets(5381,5): warning MSB3026: Could not copy "E:\ResumeATS\backend\obj\Debug\net10.0\apphost.exe" to "bin\Debug\net10.0\ResumeATS.exe". Beginning retry 2 in 1000ms. The process cannot access the file 'E:\ResumeATS\backend\bin\Debug\net10.0\ResumeATS.exe' because it is being used by another process. The file is locked by: "ResumeATS (18140)" [E:\ResumeATS\backend\ResumeATS.csproj]
C:\Program Files\dotnet\sdk\10.0.104\Microsoft.Common.CurrentVersion.targets(5381,5): warning MSB3026: Could not copy "E:\ResumeATS\backend\obj\Debug\net10.0\apphost.exe" to "bin\Debug\net10.0\ResumeATS.exe". Beginning retry 3 in 1000ms. The process cannot access the file 'E:\ResumeATS\backend\bin\Debug\net10.0\ResumeATS.exe' because it is being used by another process. The file is locked by: "ResumeATS (18140)" [E:\ResumeATS\backend\ResumeATS.csproj]
C:\Program Files\dotnet\sdk\10.0.104\Microsoft.Common.CurrentVersion.targets(5381,5): warning MSB3026: Could not copy "E:\ResumeATS\backend\obj\Debug\net10.0\apphost.exe" to "bin\Debug\net10.0\ResumeATS.exe". Beginning retry 4 in 1000ms. The process cannot access the file 'E:\ResumeATS\backend\bin\Debug\net10.0\ResumeATS.exe' because it is being used by another process. The file is locked by: "ResumeATS (18140)" [E:\ResumeATS\backend\ResumeATS.csproj]
C:\Program Files\dotnet\sdk\10.0.104\Microsoft.Common.CurrentVersion.targets(5381,5): warning MSB3026: Could not copy "E:\ResumeATS\backend\obj\Debug\net10.0\apphost.exe" to "bin\Debug\net10.0\ResumeATS.exe". Beginning retry 5 in 1000ms. The process cannot access the file 'E:\ResumeATS\backend\bin\Debug\net10.0\ResumeATS.exe' because it is being used by another process. The file is locked by: "ResumeATS (18140)" [E:\ResumeATS\backend\ResumeATS.csproj]
C:\Program Files\dotnet\sdk\10.0.104\Microsoft.Common.CurrentVersion.targets(5381,5): warning MSB3026: Could not copy "E:\ResumeATS\backend\obj\Debug\net10.0\apphost.exe" to "bin\Debug\net10.0\ResumeATS.exe". Beginning retry 6 in 1000ms. The process cannot access the file 'E:\ResumeATS\backend\bin\Debug\net10.0\ResumeATS.exe' because it is being used by another process. The file is locked by: "ResumeATS (18140)" [E:\ResumeATS\backend\ResumeATS.csproj]
C:\Program Files\dotnet\sdk\10.0.104\Microsoft.Common.CurrentVersion.targets(5381,5): warning MSB3026: Could not copy "E:\ResumeATS\backend\obj\Debug\net10.0\apphost.exe" to "bin\Debug\net10.0\ResumeATS.exe". Beginning retry 7 in 1000ms. The process cannot access the file 'E:\ResumeATS\backend\bin\Debug\net10.0\ResumeATS.exe' because it is being used by another process. The file is locked by: "ResumeATS (18140)" [E:\ResumeATS\backend\ResumeATS.csproj]
C:\Program Files\dotnet\sdk\10.0.104\Microsoft.Common.CurrentVersion.targets(5381,5): warning MSB3026: Could not copy "E:\ResumeATS\backend\obj\Debug\net10.0\apphost.exe" to "bin\Debug\net10.0\ResumeATS.exe". Beginning retry 8 in 1000ms. The process cannot access the file 'E:\ResumeATS\backend\bin\Debug\net10.0\ResumeATS.exe' because it is being used by another process. The file is locked by: "ResumeATS (18140)" [E:\ResumeATS\backend\ResumeATS.csproj]
C:\Program Files\dotnet\sdk\10.0.104\Microsoft.Common.CurrentVersion.targets(5381,5): warning MSB3026: Could not copy "E:\ResumeATS\backend\obj\Debug\net10.0\apphost.exe" to "bin\Debug\net10.0\ResumeATS.exe". Beginning retry 9 in 1000ms. The process cannot access the file 'E:\ResumeATS\backend\bin\Debug\net10.0\ResumeATS.exe' because it is being used by another process. The file is locked by: "ResumeATS (18140)" [E:\ResumeATS\backend\ResumeATS.csproj]
C:\Program Files\dotnet\sdk\10.0.104\Microsoft.Common.CurrentVersion.targets(5381,5): warning MSB3026: Could not copy "E:\ResumeATS\backend\obj\Debug\net10.0\apphost.exe" to "bin\Debug\net10.0\ResumeATS.exe". Beginning retry 10 in 1000ms. The process cannot access the file 'E:\ResumeATS\backend\bin\Debug\net10.0\ResumeATS.exe' because it is being used by another process. The file is locked by: "ResumeATS (18140)" [E:\ResumeATS\backend\ResumeATS.csproj]
C:\Program Files\dotnet\sdk\10.0.104\Microsoft.Common.CurrentVersion.targets(5381,5): error MSB3027: Could not copy "E:\ResumeATS\backend\obj\Debug\net10.0\apphost.exe" to "bin\Debug\net10.0\ResumeATS.exe". Exceeded retry count of 10. Failed. The file is locked by: "ResumeATS (18140)" [E:\ResumeATS\backend\ResumeATS.csproj]
C:\Program Files\dotnet\sdk\10.0.104\Microsoft.Common.CurrentVersion.targets(5381,5): error MSB3021: Unable to copy file "E:\ResumeATS\backend\obj\Debug\net10.0\apphost.exe" to "bin\Debug\net10.0\ResumeATS.exe". The process cannot access the file 'E:\ResumeATS\backend\bin\Debug\net10.0\ResumeATS.exe' because it is being used by another process. [E:\ResumeATS\backend\ResumeATS.csproj]
    10 Warning(s)
    2 Error(s)

Time Elapsed 00:00:12.69
